../Core/TFT_eSPI/examples/Sprite/Orrery/astronomy.c:52:23:VecAdd	136	static
../Core/TFT_eSPI/examples/Sprite/Orrery/astronomy.c:61:23:VecSub	136	static
../Core/TFT_eSPI/examples/Sprite/Orrery/astronomy.c:70:13:VecIncr	40	static
../Core/TFT_eSPI/examples/Sprite/Orrery/astronomy.c:77:13:VecDecr	40	static
../Core/TFT_eSPI/examples/Sprite/Orrery/astronomy.c:84:23:VecMul	120	static
../Core/TFT_eSPI/examples/Sprite/Orrery/astronomy.c:93:13:VecScale	24	static
../Core/TFT_eSPI/examples/Sprite/Orrery/astronomy.c:100:23:VecRamp	144	static
../Core/TFT_eSPI/examples/Sprite/Orrery/astronomy.c:109:23:VecMean	136	static
../Core/TFT_eSPI/examples/Sprite/Orrery/astronomy.c:118:23:PublicVec	144	static
../Core/TFT_eSPI/examples/Sprite/Orrery/astronomy.c:204:15:LongitudeOffset	24	static
../Core/TFT_eSPI/examples/Sprite/Orrery/astronomy.c:217:15:NormalizeLongitude	16	static
../Core/TFT_eSPI/examples/Sprite/Orrery/astronomy.c:238:8:Astronomy_VectorLength	16	static
../Core/TFT_eSPI/examples/Sprite/Orrery/astronomy.c:248:13:Astronomy_BodyName	16	static
../Core/TFT_eSPI/examples/Sprite/Orrery/astronomy.c:274:14:Astronomy_BodyCode	16	static
../Core/TFT_eSPI/examples/Sprite/Orrery/astronomy.c:298:12:IsSuperiorPlanet	16	static
../Core/TFT_eSPI/examples/Sprite/Orrery/astronomy.c:318:15:PlanetOrbitalPeriod	16	static
../Core/TFT_eSPI/examples/Sprite/Orrery/astronomy.c:335:13:FatalError	16	static
../Core/TFT_eSPI/examples/Sprite/Orrery/astronomy.c:341:23:VecError	120	static
../Core/TFT_eSPI/examples/Sprite/Orrery/astronomy.c:350:26:SphereError	56	static
../Core/TFT_eSPI/examples/Sprite/Orrery/astronomy.c:358:27:EquError	56	static
../Core/TFT_eSPI/examples/Sprite/Orrery/astronomy.c:366:25:EclError	72	static
../Core/TFT_eSPI/examples/Sprite/Orrery/astronomy.c:374:29:AngleError	32	static
../Core/TFT_eSPI/examples/Sprite/Orrery/astronomy.c:382:28:FuncError	32	static
../Core/TFT_eSPI/examples/Sprite/Orrery/astronomy.c:390:21:TimeError	120	static
../Core/TFT_eSPI/examples/Sprite/Orrery/astronomy.c:397:25:RotationErr	104	static
../Core/TFT_eSPI/examples/Sprite/Orrery/astronomy.c:410:29:MoonQuarterError	64	static
../Core/TFT_eSPI/examples/Sprite/Orrery/astronomy.c:419:27:ElongError	88	static
../Core/TFT_eSPI/examples/Sprite/Orrery/astronomy.c:432:27:HourAngleError	88	static
../Core/TFT_eSPI/examples/Sprite/Orrery/astronomy.c:443:22:IllumError	88	static
../Core/TFT_eSPI/examples/Sprite/Orrery/astronomy.c:457:22:ApsisError	88	static
../Core/TFT_eSPI/examples/Sprite/Orrery/astronomy.c:469:30:SearchError	64	static
../Core/TFT_eSPI/examples/Sprite/Orrery/astronomy.c:477:30:ConstelErr	56	static
../Core/TFT_eSPI/examples/Sprite/Orrery/astronomy.c:486:24:TransitErr	136	static
../Core/TFT_eSPI/examples/Sprite/Orrery/astronomy.c:495:28:SynodicPeriod	56	static
../Core/TFT_eSPI/examples/Sprite/Orrery/astronomy.c:520:29:AngleBetween	112	static
../Core/TFT_eSPI/examples/Sprite/Orrery/astronomy.c:556:8:Astronomy_DeltaT_EspenakMeeus	88	static
../Core/TFT_eSPI/examples/Sprite/Orrery/astronomy.c:676:8:Astronomy_DeltaT_JplHorizons	16	static
../Core/TFT_eSPI/examples/Sprite/Orrery/astronomy.c:701:6:Astronomy_SetDeltaTFunction	16	static
../Core/TFT_eSPI/examples/Sprite/Orrery/astronomy.c:706:15:TerrestrialTime	16	static
../Core/TFT_eSPI/examples/Sprite/Orrery/astronomy.c:724:14:Astronomy_TimeFromDays	128	static
../Core/TFT_eSPI/examples/Sprite/Orrery/astronomy.c:741:14:Astronomy_CurrentTime	120	static
../Core/TFT_eSPI/examples/Sprite/Orrery/astronomy.c:775:14:Astronomy_MakeTime	152	static
../Core/TFT_eSPI/examples/Sprite/Orrery/astronomy.c:814:14:Astronomy_AddDays	160	static
../Core/TFT_eSPI/examples/Sprite/Orrery/astronomy.c:846:14:Astronomy_TimeFromUtc	96	static
../Core/TFT_eSPI/examples/Sprite/Orrery/astronomy.c:863:13:Astronomy_UtcFromTime	128	static
../Core/TFT_eSPI/examples/Sprite/Orrery/astronomy.c:933:16:Astronomy_FormatTime	160	static
../Core/TFT_eSPI/examples/Sprite/Orrery/astronomy.c:1046:18:Astronomy_MakeObserver	112	static
../Core/TFT_eSPI/examples/Sprite/Orrery/astronomy.c:1057:13:iau2000b	120	static
../Core/TFT_eSPI/examples/Sprite/Orrery/astronomy.c:1177:15:mean_obliq	32	static
../Core/TFT_eSPI/examples/Sprite/Orrery/astronomy.c:1203:21:e_tilt	72	static
../Core/TFT_eSPI/examples/Sprite/Orrery/astronomy.c:1218:13:ecl2equ_vec	88	static
../Core/TFT_eSPI/examples/Sprite/Orrery/astronomy.c:1230:25:precession_rot	368	static
../Core/TFT_eSPI/examples/Sprite/Orrery/astronomy.c:1318:13:precession	128	static
../Core/TFT_eSPI/examples/Sprite/Orrery/astronomy.c:1327:27:vector2radec	72	static
../Core/TFT_eSPI/examples/Sprite/Orrery/astronomy.c:1366:25:nutation_rot	312	static
../Core/TFT_eSPI/examples/Sprite/Orrery/astronomy.c:1421:13:nutation	120	static
../Core/TFT_eSPI/examples/Sprite/Orrery/astronomy.c:1429:15:era	40	static
../Core/TFT_eSPI/examples/Sprite/Orrery/astronomy.c:1440:15:sidereal_time	112	static
../Core/TFT_eSPI/examples/Sprite/Orrery/astronomy.c:1459:13:terra	160	static
../Core/TFT_eSPI/examples/Sprite/Orrery/astronomy.c:1487:13:geo_pos	96	static
../Core/TFT_eSPI/examples/Sprite/Orrery/astronomy.c:1497:13:spin	64	static
../Core/TFT_eSPI/examples/Sprite/Orrery/astronomy.c:1556:15:Frac	16	static
../Core/TFT_eSPI/examples/Sprite/Orrery/astronomy.c:1561:13:AddThe	56	static
../Core/TFT_eSPI/examples/Sprite/Orrery/astronomy.c:1569:15:Sine	16	static
../Core/TFT_eSPI/examples/Sprite/Orrery/astronomy.c:1575:13:LongPeriodic	80	static
../Core/TFT_eSPI/examples/Sprite/Orrery/astronomy.c:1595:13:Init	80	static
../Core/TFT_eSPI/examples/Sprite/Orrery/astronomy.c:1635:13:Term	48	static
../Core/TFT_eSPI/examples/Sprite/Orrery/astronomy.c:1655:13:AddSol	96	static
../Core/TFT_eSPI/examples/Sprite/Orrery/astronomy.c:1676:13:SolarN	56	static
../Core/TFT_eSPI/examples/Sprite/Orrery/astronomy.c:1693:13:Planetary	24	static
../Core/TFT_eSPI/examples/Sprite/Orrery/astronomy.c:1706:13:CalcMoon	1040	static
../Core/TFT_eSPI/examples/Sprite/Orrery/astronomy.c:1875:16:Astronomy_GeoMoon	224	static
../Core/TFT_eSPI/examples/Sprite/Orrery/astronomy.c:2793:13:VsopCoords	96	static
../Core/TFT_eSPI/examples/Sprite/Orrery/astronomy.c:2818:23:VsopRotate	96	static
../Core/TFT_eSPI/examples/Sprite/Orrery/astronomy.c:2836:13:VsopSphereToRect	56	static
../Core/TFT_eSPI/examples/Sprite/Orrery/astronomy.c:2847:23:CalcVsop	200	static
../Core/TFT_eSPI/examples/Sprite/Orrery/astronomy.c:2875:13:VsopDeriv	120	static
../Core/TFT_eSPI/examples/Sprite/Orrery/astronomy.c:2906:21:CalcVsopPosVel	232	static
../Core/TFT_eSPI/examples/Sprite/Orrery/astronomy.c:2955:15:VsopHelioDistance	120	static
../Core/TFT_eSPI/examples/Sprite/Orrery/astronomy.c:2985:13:AdjustBarycenter	136	static
../Core/TFT_eSPI/examples/Sprite/Orrery/astronomy.c:2998:23:CalcSolarSystemBarycenter	120	static
../Core/TFT_eSPI/examples/Sprite/Orrery/astronomy.c:3075:23:UpdatePosition	128	static
../Core/TFT_eSPI/examples/Sprite/Orrery/astronomy.c:3084:21:AdjustBarycenterPosVel	160	static
../Core/TFT_eSPI/examples/Sprite/Orrery/astronomy.c:3104:13:MajorBodyBary	96	static
../Core/TFT_eSPI/examples/Sprite/Orrery/astronomy.c:3132:13:AddAcceleration	120	static
../Core/TFT_eSPI/examples/Sprite/Orrery/astronomy.c:3149:23:SmallBodyAcceleration	120	static
../Core/TFT_eSPI/examples/Sprite/Orrery/astronomy.c:3164:18:GravSim	224	static
../Core/TFT_eSPI/examples/Sprite/Orrery/astronomy.c:3217:12:ClampIndex	32	static
../Core/TFT_eSPI/examples/Sprite/Orrery/astronomy.c:3228:25:GravFromState	104	static
../Core/TFT_eSPI/examples/Sprite/Orrery/astronomy.c:3243:23:GetSegment	12184	static
../Core/TFT_eSPI/examples/Sprite/Orrery/astronomy.c:3301:23:CalcPlutoOneWay	232	static
../Core/TFT_eSPI/examples/Sprite/Orrery/astronomy.c:3315:23:CalcPluto	512	static
../Core/TFT_eSPI/examples/Sprite/Orrery/astronomy.c:3388:16:Astronomy_HelioVector	256	static
../Core/TFT_eSPI/examples/Sprite/Orrery/astronomy.c:3458:21:Astronomy_HelioDistance	184	static
../Core/TFT_eSPI/examples/Sprite/Orrery/astronomy.c:3520:16:Astronomy_GeoVector	384	static
../Core/TFT_eSPI/examples/Sprite/Orrery/astronomy.c:3627:20:Astronomy_Equator	280	static
../Core/TFT_eSPI/examples/Sprite/Orrery/astronomy.c:3714:17:Astronomy_Horizon	552	static
../Core/TFT_eSPI/examples/Sprite/Orrery/astronomy.c:3838:18:Astronomy_SunPosition	296	static
../Core/TFT_eSPI/examples/Sprite/Orrery/astronomy.c:3883:18:Astronomy_Ecliptic	40	static
../Core/TFT_eSPI/examples/Sprite/Orrery/astronomy.c:3918:22:Astronomy_EclipticLongitude	248	static
../Core/TFT_eSPI/examples/Sprite/Orrery/astronomy.c:3937:25:RotateEquatorialToEcliptic	112	static
../Core/TFT_eSPI/examples/Sprite/Orrery/astronomy.c:3965:28:sun_offset	128	static
../Core/TFT_eSPI/examples/Sprite/Orrery/astronomy.c:4014:23:Astronomy_SearchSunLongitude	104	static
../Core/TFT_eSPI/examples/Sprite/Orrery/astronomy.c:4110:23:Astronomy_Search	432	static
../Core/TFT_eSPI/examples/Sprite/Orrery/astronomy.c:4221:12:QuadInterp	144	static
../Core/TFT_eSPI/examples/Sprite/Orrery/astronomy.c:4268:23:FindSeasonChange	120	static
../Core/TFT_eSPI/examples/Sprite/Orrery/astronomy.c:4313:17:Astronomy_Seasons	160	static
../Core/TFT_eSPI/examples/Sprite/Orrery/astronomy.c:4356:22:Astronomy_AngleFromSun	312	static
../Core/TFT_eSPI/examples/Sprite/Orrery/astronomy.c:4405:20:Astronomy_Elongation	152	static
../Core/TFT_eSPI/examples/Sprite/Orrery/astronomy.c:4436:28:neg_elong_slope	176	static
../Core/TFT_eSPI/examples/Sprite/Orrery/astronomy.c:4486:20:Astronomy_SearchMaxElongation	480	static
../Core/TFT_eSPI/examples/Sprite/Orrery/astronomy.c:4654:22:Astronomy_LongitudeFromSun	360	static
../Core/TFT_eSPI/examples/Sprite/Orrery/astronomy.c:4702:22:Astronomy_MoonPhase	48	static
../Core/TFT_eSPI/examples/Sprite/Orrery/astronomy.c:4707:28:moon_offset	96	static
../Core/TFT_eSPI/examples/Sprite/Orrery/astronomy.c:4755:23:Astronomy_SearchMoonPhase	200	static
../Core/TFT_eSPI/examples/Sprite/Orrery/astronomy.c:4813:22:Astronomy_SearchMoonQuarter	152	static
../Core/TFT_eSPI/examples/Sprite/Orrery/astronomy.c:4852:22:Astronomy_NextMoonQuarter	96	static
../Core/TFT_eSPI/examples/Sprite/Orrery/astronomy.c:4875:28:rlon_offset	128	static
../Core/TFT_eSPI/examples/Sprite/Orrery/astronomy.c:4940:23:Astronomy_SearchRelativeLongitude	240	static
../Core/TFT_eSPI/examples/Sprite/Orrery/astronomy.c:5049:20:Astronomy_SearchHourAngle	272	static
../Core/TFT_eSPI/examples/Sprite/Orrery/astronomy.c:5130:28:peak_altitude	160	static
../Core/TFT_eSPI/examples/Sprite/Orrery/astronomy.c:5207:23:Astronomy_SearchRiseSet	520	static
../Core/TFT_eSPI/examples/Sprite/Orrery/astronomy.c:5330:15:MoonMagnitude	88	static
../Core/TFT_eSPI/examples/Sprite/Orrery/astronomy.c:5343:23:SaturnMagnitude	248	static
../Core/TFT_eSPI/examples/Sprite/Orrery/astronomy.c:5384:23:VisualMagnitude	80	static
../Core/TFT_eSPI/examples/Sprite/Orrery/astronomy.c:5450:15:Astronomy_Illumination	528	static
../Core/TFT_eSPI/examples/Sprite/Orrery/astronomy.c:5557:28:mag_slope	288	static
../Core/TFT_eSPI/examples/Sprite/Orrery/astronomy.c:5611:15:Astronomy_SearchPeakMagnitude	384	static
../Core/TFT_eSPI/examples/Sprite/Orrery/astronomy.c:5726:15:MoonDistance	64	static
../Core/TFT_eSPI/examples/Sprite/Orrery/astronomy.c:5733:28:moon_distance_slope	160	static
../Core/TFT_eSPI/examples/Sprite/Orrery/astronomy.c:5778:15:Astronomy_SearchLunarApsis	328	static
../Core/TFT_eSPI/examples/Sprite/Orrery/astronomy.c:5872:15:Astronomy_NextLunarApsis	120	static
../Core/TFT_eSPI/examples/Sprite/Orrery/astronomy.c:5906:28:planet_distance_slope	176	static
../Core/TFT_eSPI/examples/Sprite/Orrery/astronomy.c:5927:22:PlanetExtreme	240	static
../Core/TFT_eSPI/examples/Sprite/Orrery/astronomy.c:5982:22:BruteSearchPlanetApsis	424	static
../Core/TFT_eSPI/examples/Sprite/Orrery/astronomy.c:6110:15:Astronomy_SearchPlanetApsis	312	static
../Core/TFT_eSPI/examples/Sprite/Orrery/astronomy.c:6218:15:Astronomy_NextPlanetApsis	128	static
../Core/TFT_eSPI/examples/Sprite/Orrery/astronomy.c:6258:18:Astronomy_InverseRotation	96	static
../Core/TFT_eSPI/examples/Sprite/Orrery/astronomy.c:6294:18:Astronomy_CombineRotation	104	static
../Core/TFT_eSPI/examples/Sprite/Orrery/astronomy.c:6338:16:Astronomy_VectorFromSphere	144	static
../Core/TFT_eSPI/examples/Sprite/Orrery/astronomy.c:6371:19:Astronomy_SphereFromVector	72	static
../Core/TFT_eSPI/examples/Sprite/Orrery/astronomy.c:6417:16:Astronomy_VectorFromEquator	120	static
../Core/TFT_eSPI/examples/Sprite/Orrery/astronomy.c:6443:20:Astronomy_EquatorFromVector	152	static
../Core/TFT_eSPI/examples/Sprite/Orrery/astronomy.c:6461:15:ToggleAzimuthDirection	16	static
../Core/TFT_eSPI/examples/Sprite/Orrery/astronomy.c:6506:19:Astronomy_HorizonFromVector	120	static
../Core/TFT_eSPI/examples/Sprite/Orrery/astronomy.c:6543:16:Astronomy_VectorFromHorizon	88	static
../Core/TFT_eSPI/examples/Sprite/Orrery/astronomy.c:6580:8:Astronomy_Refraction	40	static
../Core/TFT_eSPI/examples/Sprite/Orrery/astronomy.c:6644:8:Astronomy_InverseRefraction	48	static
../Core/TFT_eSPI/examples/Sprite/Orrery/astronomy.c:6680:16:Astronomy_RotateVector	88	static
../Core/TFT_eSPI/examples/Sprite/Orrery/astronomy.c:6709:18:Astronomy_Rotation_EQJ_ECL	96	static
../Core/TFT_eSPI/examples/Sprite/Orrery/astronomy.c:6735:18:Astronomy_Rotation_ECL_EQJ	96	static
../Core/TFT_eSPI/examples/Sprite/Orrery/astronomy.c:6764:18:Astronomy_Rotation_EQJ_EQD	368	static
../Core/TFT_eSPI/examples/Sprite/Orrery/astronomy.c:6788:18:Astronomy_Rotation_EQD_EQJ	368	static
../Core/TFT_eSPI/examples/Sprite/Orrery/astronomy.c:6820:18:Astronomy_Rotation_EQD_HOR	360	static
../Core/TFT_eSPI/examples/Sprite/Orrery/astronomy.c:6876:18:Astronomy_Rotation_HOR_EQD	232	static
../Core/TFT_eSPI/examples/Sprite/Orrery/astronomy.c:6901:18:Astronomy_Rotation_HOR_EQJ	392	static
../Core/TFT_eSPI/examples/Sprite/Orrery/astronomy.c:6933:18:Astronomy_Rotation_EQJ_HOR	232	static
../Core/TFT_eSPI/examples/Sprite/Orrery/astronomy.c:6955:18:Astronomy_Rotation_EQD_ECL	368	static
../Core/TFT_eSPI/examples/Sprite/Orrery/astronomy.c:6981:18:Astronomy_Rotation_ECL_EQD	208	static
../Core/TFT_eSPI/examples/Sprite/Orrery/astronomy.c:7009:18:Astronomy_Rotation_ECL_HOR	392	static
../Core/TFT_eSPI/examples/Sprite/Orrery/astronomy.c:7034:18:Astronomy_Rotation_HOR_ECL	232	static
../Core/TFT_eSPI/examples/Sprite/Orrery/astronomy.c:7535:23:Astronomy_Constellation	536	static
../Core/TFT_eSPI/examples/Sprite/Orrery/astronomy.c:7617:30:LunarEclipseError	88	static
../Core/TFT_eSPI/examples/Sprite/Orrery/astronomy.c:7651:17:ShadowError	216	static
../Core/TFT_eSPI/examples/Sprite/Orrery/astronomy.c:7660:17:CalcShadow	296	static
../Core/TFT_eSPI/examples/Sprite/Orrery/astronomy.c:7688:17:PlanetShadow	408	static
../Core/TFT_eSPI/examples/Sprite/Orrery/astronomy.c:7717:17:EarthShadow	312	static
../Core/TFT_eSPI/examples/Sprite/Orrery/astronomy.c:7729:17:MoonShadow	392	static
../Core/TFT_eSPI/examples/Sprite/Orrery/astronomy.c:7765:28:shadow_distance_slope	552	static
../Core/TFT_eSPI/examples/Sprite/Orrery/astronomy.c:7790:17:PeakEarthShadow	168	static
../Core/TFT_eSPI/examples/Sprite/Orrery/astronomy.c:7809:17:PeakMoonShadow	168	static
../Core/TFT_eSPI/examples/Sprite/Orrery/astronomy.c:7839:28:planet_shadow_distance_slope	552	static
../Core/TFT_eSPI/examples/Sprite/Orrery/astronomy.c:7864:17:PeakPlanetShadow	200	static
../Core/TFT_eSPI/examples/Sprite/Orrery/astronomy.c:7888:28:shadow_distance	280	static
../Core/TFT_eSPI/examples/Sprite/Orrery/astronomy.c:7902:15:ShadowSemiDurationMinutes	240	static
../Core/TFT_eSPI/examples/Sprite/Orrery/astronomy.c:7945:23:Astronomy_SearchLunarEclipse	440	static
../Core/TFT_eSPI/examples/Sprite/Orrery/astronomy.c:8033:23:Astronomy_NextLunarEclipse	80	static
../Core/TFT_eSPI/examples/Sprite/Orrery/astronomy.c:8040:37:GlobalSolarEclipseError	88	static
../Core/TFT_eSPI/examples/Sprite/Orrery/astronomy.c:8057:37:GeoidIntersect	880	static
../Core/TFT_eSPI/examples/Sprite/Orrery/astronomy.c:8197:30:Astronomy_SearchGlobalSolarEclipse	568	static
../Core/TFT_eSPI/examples/Sprite/Orrery/astronomy.c:8260:30:Astronomy_NextGlobalSolarEclipse	80	static
../Core/TFT_eSPI/examples/Sprite/Orrery/astronomy.c:8267:30:EclipseEventError	64	static
../Core/TFT_eSPI/examples/Sprite/Orrery/astronomy.c:8276:36:LocalSolarEclipseError	272	static
../Core/TFT_eSPI/examples/Sprite/Orrery/astronomy.c:8293:17:LocalMoonShadow	424	static
../Core/TFT_eSPI/examples/Sprite/Orrery/astronomy.c:8322:28:local_shadow_distance_slope	552	static
../Core/TFT_eSPI/examples/Sprite/Orrery/astronomy.c:8347:17:PeakLocalMoonShadow	192	static
../Core/TFT_eSPI/examples/Sprite/Orrery/astronomy.c:8369:15:local_partial_distance	16	static
../Core/TFT_eSPI/examples/Sprite/Orrery/astronomy.c:8374:15:local_total_distance	24	static
../Core/TFT_eSPI/examples/Sprite/Orrery/astronomy.c:8394:28:local_eclipse_func	480	static
../Core/TFT_eSPI/examples/Sprite/Orrery/astronomy.c:8410:21:SunAltitude	168	static
../Core/TFT_eSPI/examples/Sprite/Orrery/astronomy.c:8429:23:CalcEvent	96	static
../Core/TFT_eSPI/examples/Sprite/Orrery/astronomy.c:8450:23:LocalEclipseTransition	176	static
../Core/TFT_eSPI/examples/Sprite/Orrery/astronomy.c:8477:36:LocalEclipse	440	static
../Core/TFT_eSPI/examples/Sprite/Orrery/astronomy.c:8552:29:Astronomy_SearchLocalSolarEclipse	816	static
../Core/TFT_eSPI/examples/Sprite/Orrery/astronomy.c:8625:29:Astronomy_NextLocalSolarEclipse	104	static
../Core/TFT_eSPI/examples/Sprite/Orrery/astronomy.c:8634:28:planet_transit_bound	280	static
../Core/TFT_eSPI/examples/Sprite/Orrery/astronomy.c:8650:30:PlanetTransitBoundary	88	static
../Core/TFT_eSPI/examples/Sprite/Orrery/astronomy.c:8688:17:Astronomy_SearchTransit	664	static
../Core/TFT_eSPI/examples/Sprite/Orrery/astronomy.c:8788:17:Astronomy_NextTransit	80	static
../Core/TFT_eSPI/examples/Sprite/Orrery/astronomy.c:8809:6:Astronomy_Reset	16	static
