../Core/Src/main.c:123:5:main	72	static
../Core/Src/main.c:210:6:SystemClock_Config	96	static
../Core/Src/main.c:254:13:MX_ADC1_Init	24	static
../Core/Src/main.c:301:13:MX_I2C1_Init	8	static
../Core/Src/main.c:335:13:MX_SPI1_Init	8	static
../Core/Src/main.c:373:13:MX_USART1_UART_Init	8	static
../Core/Src/main.c:406:13:MX_USART2_UART_Init	8	static
../Core/Src/main.c:439:13:MX_USART3_UART_Init	8	static
../Core/Src/main.c:472:13:MX_GPIO_Init	40	static
../Core/Src/main.c:535:6:xTaskReadESPWIFI	32	static
../Core/Src/main.c:580:6:StartDefaultTask	16	static
../Core/Src/main.c:599:6:HAL_TIM_PeriodElapsedCallback	16	static
../Core/Src/main.c:617:6:Error_Handler	4	static,ignoring_inline_asm
