../Core/Src/main.c:131:5:main	1
../Core/Src/main.c:228:6:SystemClock_Config	4
../Core/Src/main.c:272:13:MX_ADC1_Init	3
../Core/Src/main.c:319:13:MX_I2C1_Init	2
../Core/Src/main.c:353:13:MX_SPI1_Init	2
../Core/Src/main.c:391:13:MX_USART1_UART_Init	2
../Core/Src/main.c:424:13:MX_USART2_UART_Init	2
../Core/Src/main.c:457:13:MX_USART3_UART_Init	2
../Core/Src/main.c:490:13:MX_GPIO_Init	1
../Core/Src/main.c:557:6:xTaskReadESPWIFI	3
../Core/Src/main.c:597:6:xTaskReadKeypad	1
../Core/Src/main.c:616:6:StartDefaultTask	1
../Core/Src/main.c:635:6:HAL_TIM_PeriodElapsedCallback	2
../Core/Src/main.c:653:6:Error_Handler	1
