../Core/Src/main.c:128:5:main	104	static
../Core/Src/main.c:225:6:SystemClock_Config	96	static
../Core/Src/main.c:269:13:MX_ADC1_Init	24	static
../Core/Src/main.c:316:13:MX_I2C1_Init	8	static
../Core/Src/main.c:350:13:MX_SPI1_Init	8	static
../Core/Src/main.c:388:13:MX_USART1_UART_Init	8	static
../Core/Src/main.c:421:13:MX_USART2_UART_Init	8	static
../Core/Src/main.c:454:13:MX_USART3_UART_Init	8	static
../Core/Src/main.c:487:13:MX_GPIO_Init	40	static
../Core/Src/main.c:554:6:xTaskReadESPWIFI	32	static
../Core/Src/main.c:594:6:xTaskReadKeypad	32	static
../Core/Src/main.c:613:6:StartDefaultTask	16	static
../Core/Src/main.c:632:6:HAL_TIM_PeriodElapsedCallback	16	static
../Core/Src/main.c:650:6:Error_Handler	4	static,ignoring_inline_asm
