../Core/Src/main.c:111:5:main	1
../Core/Src/main.c:197:6:SystemClock_Config	3
../Core/Src/main.c:239:13:MX_I2C1_Init	2
../Core/Src/main.c:273:13:MX_USART1_UART_Init	2
../Core/Src/main.c:306:13:MX_USART2_UART_Init	2
../Core/Src/main.c:339:13:MX_USART6_UART_Init	2
../Core/Src/main.c:372:13:MX_GPIO_Init	1
../Core/Src/main.c:428:6:ButtonCheckTask	1
../Core/Src/main.c:439:6:xTaskReadESPWIFI	3
../Core/Src/main.c:478:6:StartDefaultTask	1
../Core/Src/main.c:497:6:HAL_TIM_PeriodElapsedCallback	2
../Core/Src/main.c:515:6:Error_Handler	1
