../Core/Src/main.c:122:5:main	72	static
../Core/Src/main.c:210:6:SystemClock_Config	88	static
../Core/Src/main.c:252:13:MX_ADC1_Init	24	static
../Core/Src/main.c:304:13:MX_I2C1_Init	8	static
../Core/Src/main.c:338:13:MX_SPI1_Init	8	static
../Core/Src/main.c:376:13:MX_USART1_UART_Init	8	static
../Core/Src/main.c:409:13:MX_USART2_UART_Init	8	static
../Core/Src/main.c:442:13:MX_USART6_UART_Init	8	static
../Core/Src/main.c:475:13:MX_GPIO_Init	48	static
../Core/Src/main.c:535:6:ButtonCheckTask	16	static
../Core/Src/main.c:546:6:xTaskReadESPWIFI	24	static
../Core/Src/main.c:588:6:StartDefaultTask	16	static
../Core/Src/main.c:607:6:HAL_TIM_PeriodElapsedCallback	16	static
../Core/Src/main.c:625:6:Error_Handler	4	static,ignoring_inline_asm
