../Core/Src/main.c:110:5:main	1
../Core/Src/main.c:196:6:SystemClock_Config	3
../Core/Src/main.c:238:13:MX_I2C1_Init	2
../Core/Src/main.c:272:13:MX_USART1_UART_Init	2
../Core/Src/main.c:305:13:MX_USART2_UART_Init	2
../Core/Src/main.c:338:13:MX_USART6_UART_Init	2
../Core/Src/main.c:371:13:MX_GPIO_Init	1
../Core/Src/main.c:427:6:ButtonCheckTask	1
../Core/Src/main.c:438:6:xTaskReadESPWIFI	2
../Core/Src/main.c:471:6:StartDefaultTask	1
../Core/Src/main.c:490:6:HAL_TIM_PeriodElapsedCallback	2
../Core/Src/main.c:508:6:Error_Handler	1
